// Jest Snapshot v1, https://goo.gl/fbAQLP

exports[`Screens/HomeScreen it renders <HomeScreen /> correctly 1`] = `
<View
  style={
    Object {
      "alignItems": "center",
      "flex": 1,
      "justifyContent": "center",
    }
  }
>
  <Text
    accessible={true}
    allowFontScaling={true}
    ellipsizeMode="tail"
  >
    Build somthing awesome
  </Text>
</View>
`;
